127.0.0.1 - - [18/Jul/2012:00:01:03 -0400] "GET / HTTP/1.1" 200 31 "-" "Mozilla/5.0 (Macintosh; Intel Mac OS X 10_7_4) AppleWebKit/536.11 (KHTML, like Gecko) Chrome/20.0.1132.57 Safari/536.11"
127.0.0.1 - - [18/Jul/2012:00:01:04 -0400] "GET /favicon.ico HTTP/1.1" 200 1406 "-" "Mozilla/5.0 (Macintosh; Intel Mac OS X 10_7_4) AppleWebKit/536.11 (KHTML, like Gecko) Chrome/20.0.1132.57 Safari/536.11"
::1 - - [18/Jul/2012:00:01:56 -0400] "OPTIONS * HTTP/1.0" 200 - "-" "Apache/2.2.22 (Unix) mod_ssl/2.2.22 OpenSSL/0.9.8r DAV/2 PHP/5.4.4 (internal dummy connection)"
::1 - - [18/Jul/2012:00:04:27 -0400] "OPTIONS * HTTP/1.0" 200 - "-" "Apache/2.2.22 (Unix) mod_ssl/2.2.22 OpenSSL/0.9.8r DAV/2 PHP/5.4.4 (internal dummy connection)"
::1 - - [18/Jul/2012:00:05:49 -0400] "OPTIONS * HTTP/1.0" 200 - "-" "Apache/2.2.22 (Unix) mod_ssl/2.2.22 OpenSSL/0.9.8r DAV/2 PHP/5.4.4 (internal dummy connection)"
127.0.0.1 - - [18/Jul/2012:00:48:51 -0400] "GET /test/database.php HTTP/1.1" 200 304 "-" "Mozilla/5.0 (Macintosh; Intel Mac OS X 10_7_4) AppleWebKit/536.11 (KHTML, like Gecko) Chrome/20.0.1132.57 Safari/536.11"
127.0.0.1 - - [18/Jul/2012:00:48:51 -0400] "GET /favicon.ico HTTP/1.1" 200 1406 "-" "Mozilla/5.0 (Macintosh; Intel Mac OS X 10_7_4) AppleWebKit/536.11 (KHTML, like Gecko) Chrome/20.0.1132.57 Safari/536.11"
::1 - - [18/Jul/2012:00:53:54 -0400] "OPTIONS * HTTP/1.0" 200 - "-" "Apache/2.2.22 (Unix) mod_ssl/2.2.22 OpenSSL/0.9.8r DAV/2 PHP/5.4.4 (internal dummy connection)"
::1 - - [18/Jul/2012:00:56:33 -0400] "OPTIONS * HTTP/1.0" 200 - "-" "Apache/2.2.22 (Unix) mod_ssl/2.2.22 OpenSSL/0.9.8r DAV/2 PHP/5.4.4 (internal dummy connection)"
127.0.0.1 - - [18/Jul/2012:00:58:25 -0400] "GET /test/database.php HTTP/1.1" 200 317 "-" "Mozilla/5.0 (Macintosh; Intel Mac OS X 10_7_4) AppleWebKit/536.11 (KHTML, like Gecko) Chrome/20.0.1132.57 Safari/536.11"
127.0.0.1 - - [18/Jul/2012:00:59:58 -0400] "GET /test/database.php HTTP/1.1" 500 20 "-" "Mozilla/5.0 (Macintosh; Intel Mac OS X 10_7_4) AppleWebKit/536.11 (KHTML, like Gecko) Chrome/20.0.1132.57 Safari/536.11"
127.0.0.1 - - [18/Jul/2012:01:00:40 -0400] "GET /test/database.php HTTP/1.1" 500 20 "-" "Mozilla/5.0 (Macintosh; Intel Mac OS X 10_7_4) AppleWebKit/536.11 (KHTML, like Gecko) Chrome/20.0.1132.57 Safari/536.11"
127.0.0.1 - - [18/Jul/2012:01:00:45 -0400] "GET /test/database.php HTTP/1.1" 200 317 "-" "Mozilla/5.0 (Macintosh; Intel Mac OS X 10_7_4) AppleWebKit/536.11 (KHTML, like Gecko) Chrome/20.0.1132.57 Safari/536.11"
::1 - - [18/Jul/2012:01:01:24 -0400] "OPTIONS * HTTP/1.0" 200 - "-" "Apache/2.2.22 (Unix) mod_ssl/2.2.22 OpenSSL/0.9.8r DAV/2 PHP/5.4.4 (internal dummy connection)"
127.0.0.1 - - [18/Jul/2012:01:04:07 -0400] "GET /test/database.php HTTP/1.1" 200 304 "-" "Mozilla/5.0 (Macintosh; Intel Mac OS X 10_7_4) AppleWebKit/536.11 (KHTML, like Gecko) Chrome/20.0.1132.57 Safari/536.11"
127.0.0.1 - - [18/Jul/2012:01:06:26 -0400] "GET /test/database.php HTTP/1.1" 200 304 "-" "Mozilla/5.0 (Macintosh; Intel Mac OS X 10_7_4) AppleWebKit/536.11 (KHTML, like Gecko) Chrome/20.0.1132.57 Safari/536.11"
127.0.0.1 - - [18/Jul/2012:01:08:22 -0400] "GET /test/database.php HTTP/1.1" 200 31 "-" "Mozilla/5.0 (Macintosh; Intel Mac OS X 10_7_4) AppleWebKit/536.11 (KHTML, like Gecko) Chrome/20.0.1132.57 Safari/536.11"
127.0.0.1 - - [18/Jul/2012:01:08:27 -0400] "GET /test/database.php HTTP/1.1" 200 494 "-" "Mozilla/5.0 (Macintosh; Intel Mac OS X 10_7_4) AppleWebKit/536.11 (KHTML, like Gecko) Chrome/20.0.1132.57 Safari/536.11"
127.0.0.1 - - [18/Jul/2012:01:08:44 -0400] "GET /test/database.php HTTP/1.1" 200 304 "-" "Mozilla/5.0 (Macintosh; Intel Mac OS X 10_7_4) AppleWebKit/536.11 (KHTML, like Gecko) Chrome/20.0.1132.57 Safari/536.11"
127.0.0.1 - - [18/Jul/2012:01:08:47 -0400] "GET /test/database.php HTTP/1.1" 200 51 "-" "Mozilla/5.0 (Macintosh; Intel Mac OS X 10_7_4) AppleWebKit/536.11 (KHTML, like Gecko) Chrome/20.0.1132.57 Safari/536.11"
::1 - - [18/Jul/2012:09:56:44 -0400] "OPTIONS * HTTP/1.0" 200 - "-" "Apache/2.2.22 (Unix) mod_ssl/2.2.22 OpenSSL/0.9.8r DAV/2 PHP/5.4.4 (internal dummy connection)"
::1 - - [18/Jul/2012:09:56:45 -0400] "OPTIONS * HTTP/1.0" 200 - "-" "Apache/2.2.22 (Unix) mod_ssl/2.2.22 OpenSSL/0.9.8r DAV/2 PHP/5.4.4 (internal dummy connection)"
127.0.0.1 - - [18/Jul/2012:09:56:51 -0400] "GET /test/database.php HTTP/1.1" 200 31 "-" "Mozilla/5.0 (Macintosh; Intel Mac OS X 10_7_4) AppleWebKit/536.11 (KHTML, like Gecko) Chrome/20.0.1132.57 Safari/536.11"
10.11.0.231 - - [18/Jul/2012:10:26:23 -0400] "POST /api.php HTTP/1.1" 400 - "-" "Rivard.Laurent.InfiNIght/1.0.4 (unknown, iPhone OS 5.1.1, iPhone, Scale/1.000000)"
::1 - - [18/Jul/2012:10:27:35 -0400] "OPTIONS * HTTP/1.0" 200 - "-" "Apache/2.2.22 (Unix) mod_ssl/2.2.22 OpenSSL/0.9.8r DAV/2 PHP/5.4.4 (internal dummy connection)"
10.11.0.231 - - [18/Jul/2012:10:30:33 -0400] "POST /api.php HTTP/1.1" 500 - "-" "Rivard.Laurent.InfiNIght/1.0.4 (unknown, iPhone OS 5.1.1, iPhone, Scale/1.000000)"
10.11.0.231 - - [18/Jul/2012:10:32:06 -0400] "POST /api.php HTTP/1.1" 500 - "-" "Rivard.Laurent.InfiNIght/1.0.4 (unknown, iPhone OS 5.1.1, iPhone, Scale/1.000000)"
10.11.0.231 - - [18/Jul/2012:10:33:41 -0400] "POST /api.php HTTP/1.1" 500 - "-" "Rivard.Laurent.InfiNIght/1.0.4 (unknown, iPhone OS 5.1.1, iPhone, Scale/1.000000)"
127.0.0.1 - - [18/Jul/2012:10:35:39 -0400] "POST /api.php HTTP/1.1" 500 - "-" "Mozilla/5.0 (Macintosh; Intel Mac OS X 10_7_4) AppleWebKit/536.11 (KHTML, like Gecko) Chrome/20.0.1132.57 Safari/536.11"
127.0.0.1 - - [18/Jul/2012:10:37:30 -0400] "GET /test/database.php HTTP/1.1" 200 51 "-" "Mozilla/5.0 (Macintosh; Intel Mac OS X 10_7_4) AppleWebKit/536.11 (KHTML, like Gecko) Chrome/20.0.1132.57 Safari/536.11"
10.11.0.231 - - [18/Jul/2012:10:40:57 -0400] "POST /api.php HTTP/1.1" 400 - "-" "Rivard.Laurent.InfiNIght/1.0.4 (unknown, iPhone OS 5.1.1, iPhone, Scale/1.000000)"
10.11.0.231 - - [18/Jul/2012:10:41:35 -0400] "POST /api.php HTTP/1.1" 400 - "-" "Rivard.Laurent.InfiNIght/1.0.4 (unknown, iPhone OS 5.1.1, iPhone, Scale/1.000000)"
10.11.0.231 - - [18/Jul/2012:10:44:12 -0400] "POST /api.php HTTP/1.1" 400 20 "-" "Rivard.Laurent.InfiNIght/1.0.4 (unknown, iPhone OS 5.1.1, iPhone, Scale/1.000000)"
::1 - - [18/Jul/2012:10:45:25 -0400] "OPTIONS * HTTP/1.0" 200 - "-" "Apache/2.2.22 (Unix) mod_ssl/2.2.22 OpenSSL/0.9.8r DAV/2 PHP/5.4.4 (internal dummy connection)"
127.0.0.1 - - [18/Jul/2012:10:45:30 -0400] "GET /test/database.php HTTP/1.1" 200 31 "-" "Mozilla/5.0 (Macintosh; Intel Mac OS X 10_7_4) AppleWebKit/536.11 (KHTML, like Gecko) Chrome/20.0.1132.57 Safari/536.11"
::1 - - [18/Jul/2012:10:46:02 -0400] "OPTIONS * HTTP/1.0" 200 - "-" "Apache/2.2.22 (Unix) mod_ssl/2.2.22 OpenSSL/0.9.8r DAV/2 PHP/5.4.4 (internal dummy connection)"
::1 - - [18/Jul/2012:10:47:43 -0400] "OPTIONS * HTTP/1.0" 200 - "-" "Apache/2.2.22 (Unix) mod_ssl/2.2.22 OpenSSL/0.9.8r DAV/2 PHP/5.4.4 (internal dummy connection)"
::1 - - [18/Jul/2012:10:47:59 -0400] "OPTIONS * HTTP/1.0" 200 - "-" "Apache/2.2.22 (Unix) mod_ssl/2.2.22 OpenSSL/0.9.8r DAV/2 PHP/5.4.4 (internal dummy connection)"
127.0.0.1 - - [18/Jul/2012:10:52:59 -0400] "POST / HTTP/1.1" 200 31 "-" "Rivard.Laurent.InfiNIght/1.0.4 (unknown, iPhone OS 5.1, iPhone Simulator, Scale/1.000000)"
::1 - - [18/Jul/2012:10:55:26 -0400] "OPTIONS * HTTP/1.0" 200 - "-" "Apache/2.2.22 (Unix) mod_ssl/2.2.22 OpenSSL/0.9.8r DAV/2 PHP/5.4.4 (internal dummy connection)"
127.0.0.1 - - [18/Jul/2012:10:55:30 -0400] "POST / HTTP/1.1" 200 51 "-" "Rivard.Laurent.InfiNIght/1.0.4 (unknown, iPhone OS 5.1, iPhone Simulator, Scale/1.000000)"
::1 - - [18/Jul/2012:10:57:16 -0400] "OPTIONS * HTTP/1.0" 200 - "-" "Apache/2.2.22 (Unix) mod_ssl/2.2.22 OpenSSL/0.9.8r DAV/2 PHP/5.4.4 (internal dummy connection)"
::1 - - [18/Jul/2012:10:59:36 -0400] "OPTIONS * HTTP/1.0" 200 - "-" "Apache/2.2.22 (Unix) mod_ssl/2.2.22 OpenSSL/0.9.8r DAV/2 PHP/5.4.4 (internal dummy connection)"
127.0.0.1 - - [18/Jul/2012:11:03:32 -0400] "GET / HTTP/1.1" 200 51 "-" "Mozilla/5.0 (Macintosh; Intel Mac OS X 10_7_4) AppleWebKit/536.11 (KHTML, like Gecko) Chrome/20.0.1132.57 Safari/536.11"
127.0.0.1 - - [18/Jul/2012:11:06:45 -0400] "GET /api/api.php HTTP/1.1" 400 - "-" "Mozilla/5.0 (Macintosh; Intel Mac OS X 10_7_4) AppleWebKit/536.11 (KHTML, like Gecko) Chrome/20.0.1132.57 Safari/536.11"
127.0.0.1 - - [18/Jul/2012:11:09:13 -0400] "POST / HTTP/1.1" 200 31 "-" "Rivard.Laurent.InfiNIght/1.0.4 (unknown, iPhone OS 5.1, iPhone Simulator, Scale/1.000000)"
127.0.0.1 - - [18/Jul/2012:11:09:46 -0400] "OPTIONS * HTTP/1.0" 200 - "-" "Apache/2.2.22 (Unix) mod_ssl/2.2.22 OpenSSL/0.9.8r DAV/2 PHP/5.4.4 (internal dummy connection)"
127.0.0.1 - - [18/Jul/2012:11:09:50 -0400] "GET /api/api.php/join HTTP/1.1" 400 - "-" "Mozilla/5.0 (Macintosh; Intel Mac OS X 10_7_4) AppleWebKit/536.11 (KHTML, like Gecko) Chrome/20.0.1132.57 Safari/536.11"
127.0.0.1 - - [18/Jul/2012:11:10:47 -0400] "GET /api/ HTTP/1.1" 400 - "-" "Mozilla/5.0 (Macintosh; Intel Mac OS X 10_7_4) AppleWebKit/536.11 (KHTML, like Gecko) Chrome/20.0.1132.57 Safari/536.11"
127.0.0.1 - - [18/Jul/2012:11:11:29 -0400] "GET /api/ HTTP/1.1" 400 - "-" "Mozilla/5.0 (Macintosh; Intel Mac OS X 10_7_4) AppleWebKit/536.11 (KHTML, like Gecko) Chrome/20.0.1132.57 Safari/536.11"
::1 - - [18/Jul/2012:11:11:50 -0400] "OPTIONS * HTTP/1.0" 200 - "-" "Apache/2.2.22 (Unix) mod_ssl/2.2.22 OpenSSL/0.9.8r DAV/2 PHP/5.4.4 (internal dummy connection)"
::1 - - [18/Jul/2012:11:11:56 -0400] "OPTIONS * HTTP/1.0" 200 - "-" "Apache/2.2.22 (Unix) mod_ssl/2.2.22 OpenSSL/0.9.8r DAV/2 PHP/5.4.4 (internal dummy connection)"
::1 - - [18/Jul/2012:11:11:57 -0400] "OPTIONS * HTTP/1.0" 200 - "-" "Apache/2.2.22 (Unix) mod_ssl/2.2.22 OpenSSL/0.9.8r DAV/2 PHP/5.4.4 (internal dummy connection)"
::1 - - [18/Jul/2012:11:11:58 -0400] "OPTIONS * HTTP/1.0" 200 - "-" "Apache/2.2.22 (Unix) mod_ssl/2.2.22 OpenSSL/0.9.8r DAV/2 PHP/5.4.4 (internal dummy connection)"
::1 - - [18/Jul/2012:11:11:59 -0400] "OPTIONS * HTTP/1.0" 200 - "-" "Apache/2.2.22 (Unix) mod_ssl/2.2.22 OpenSSL/0.9.8r DAV/2 PHP/5.4.4 (internal dummy connection)"
127.0.0.1 - - [18/Jul/2012:11:14:07 -0400] "GET /api/api.php HTTP/1.1" 400 - "-" "Mozilla/5.0 (Macintosh; Intel Mac OS X 10_7_4) AppleWebKit/536.11 (KHTML, like Gecko) Chrome/20.0.1132.57 Safari/536.11"
127.0.0.1 - - [18/Jul/2012:11:14:17 -0400] "GET /api/ HTTP/1.1" 400 - "-" "Mozilla/5.0 (Macintosh; Intel Mac OS X 10_7_4) AppleWebKit/536.11 (KHTML, like Gecko) Chrome/20.0.1132.57 Safari/536.11"
127.0.0.1 - - [18/Jul/2012:11:16:19 -0400] "GET / HTTP/1.1" 200 31 "-" "Mozilla/5.0 (Macintosh; Intel Mac OS X 10_7_4) AppleWebKit/536.11 (KHTML, like Gecko) Chrome/20.0.1132.57 Safari/536.11"
127.0.0.1 - - [18/Jul/2012:11:16:32 -0400] "GET /api.php HTTP/1.1" 400 - "-" "Mozilla/5.0 (Macintosh; Intel Mac OS X 10_7_4) AppleWebKit/536.11 (KHTML, like Gecko) Chrome/20.0.1132.57 Safari/536.11"
127.0.0.1 - - [18/Jul/2012:11:17:05 -0400] "GET / HTTP/1.1" 200 44 "-" "Mozilla/5.0 (Macintosh; Intel Mac OS X 10_7_4) AppleWebKit/536.11 (KHTML, like Gecko) Chrome/20.0.1132.57 Safari/536.11"
127.0.0.1 - - [18/Jul/2012:11:18:15 -0400] "GET / HTTP/1.1" 200 44 "-" "Mozilla/5.0 (Macintosh; Intel Mac OS X 10_7_4) AppleWebKit/536.11 (KHTML, like Gecko) Chrome/20.0.1132.57 Safari/536.11"
127.0.0.1 - - [18/Jul/2012:11:18:23 -0400] "GET /api.php HTTP/1.1" 400 - "-" "Mozilla/5.0 (Macintosh; Intel Mac OS X 10_7_4) AppleWebKit/536.11 (KHTML, like Gecko) Chrome/20.0.1132.57 Safari/536.11"
127.0.0.1 - - [18/Jul/2012:11:22:46 -0400] "GET / HTTP/1.1" 200 44 "-" "Mozilla/5.0 (Macintosh; Intel Mac OS X 10_7_4) AppleWebKit/536.11 (KHTML, like Gecko) Chrome/20.0.1132.57 Safari/536.11"
127.0.0.1 - - [18/Jul/2012:11:22:55 -0400] "GET /api.php HTTP/1.1" 400 - "-" "Mozilla/5.0 (Macintosh; Intel Mac OS X 10_7_4) AppleWebKit/536.11 (KHTML, like Gecko) Chrome/20.0.1132.57 Safari/536.11"
127.0.0.1 - - [18/Jul/2012:11:23:37 -0400] "GET /api.php HTTP/1.1" 400 - "-" "Mozilla/5.0 (Macintosh; Intel Mac OS X 10_7_4) AppleWebKit/536.11 (KHTML, like Gecko) Chrome/20.0.1132.57 Safari/536.11"
127.0.0.1 - - [18/Jul/2012:11:23:55 -0400] "GET /api.php HTTP/1.1" 200 965 "-" "Mozilla/5.0 (Macintosh; Intel Mac OS X 10_7_4) AppleWebKit/536.11 (KHTML, like Gecko) Chrome/20.0.1132.57 Safari/536.11"
127.0.0.1 - - [18/Jul/2012:11:25:49 -0400] "POST / HTTP/1.1" 200 44 "-" "Rivard.Laurent.InfiNIght/1.0.4 (unknown, iPhone OS 5.1, iPhone Simulator, Scale/1.000000)"
127.0.0.1 - - [18/Jul/2012:11:27:03 -0400] "POST /api.php HTTP/1.1" 200 965 "-" "Rivard.Laurent.InfiNIght/1.0.4 (unknown, iPhone OS 5.1, iPhone Simulator, Scale/1.000000)"
::1 - - [18/Jul/2012:11:27:38 -0400] "GET /phpMyAdmin/tbl_structure.php?db=infinight&token=bb53f3f94705fbfef39501fd3bcf9be5&table=active_users&pos=0 HTTP/1.1" 200 5469 "http://localhost:8888/phpMyAdmin/navigation.php?token=bb53f3f94705fbfef39501fd3bcf9be5&db=infinight" "Mozilla/5.0 (Macintosh; Intel Mac OS X 10_7_4) AppleWebKit/536.11 (KHTML, like Gecko) Chrome/20.0.1132.57 Safari/536.11"
::1 - - [18/Jul/2012:11:27:40 -0400] "GET /phpMyAdmin/themes/original/jquery/jquery-ui-1.8.16.custom.css HTTP/1.1" 304 - "http://localhost:8888/phpMyAdmin/tbl_structure.php?db=infinight&token=bb53f3f94705fbfef39501fd3bcf9be5&table=active_users&pos=0" "Mozilla/5.0 (Macintosh; Intel Mac OS X 10_7_4) AppleWebKit/536.11 (KHTML, like Gecko) Chrome/20.0.1132.57 Safari/536.11"
::1 - - [18/Jul/2012:11:27:40 -0400] "GET /phpMyAdmin/js/update-location.js?ts=1341922378 HTTP/1.1" 304 - "http://localhost:8888/phpMyAdmin/tbl_structure.php?db=infinight&token=bb53f3f94705fbfef39501fd3bcf9be5&table=active_users&pos=0" "Mozilla/5.0 (Macintosh; Intel Mac OS X 10_7_4) AppleWebKit/536.11 (KHTML, like Gecko) Chrome/20.0.1132.57 Safari/536.11"
::1 - - [18/Jul/2012:11:27:40 -0400] "GET /phpMyAdmin/js/tbl_structure.js?ts=1341922378 HTTP/1.1" 304 - "http://localhost:8888/phpMyAdmin/tbl_structure.php?db=infinight&token=bb53f3f94705fbfef39501fd3bcf9be5&table=active_users&pos=0" "Mozilla/5.0 (Macintosh; Intel Mac OS X 10_7_4) AppleWebKit/536.11 (KHTML, like Gecko) Chrome/20.0.1132.57 Safari/536.11"
::1 - - [18/Jul/2012:11:27:40 -0400] "GET /phpMyAdmin/js/config.js?ts=1341922378 HTTP/1.1" 304 - "http://localhost:8888/phpMyAdmin/tbl_structure.php?db=infinight&token=bb53f3f94705fbfef39501fd3bcf9be5&table=active_users&pos=0" "Mozilla/5.0 (Macintosh; Intel Mac OS X 10_7_4) AppleWebKit/536.11 (KHTML, like Gecko) Chrome/20.0.1132.57 Safari/536.11"
::1 - - [18/Jul/2012:11:27:40 -0400] "GET /phpMyAdmin/phpmyadmin.css.php?server=1&token=bb53f3f94705fbfef39501fd3bcf9be5&js_frame=right&nocache=5368437968 HTTP/1.1" 200 12660 "http://localhost:8888/phpMyAdmin/tbl_structure.php?db=infinight&token=bb53f3f94705fbfef39501fd3bcf9be5&table=active_users&pos=0" "Mozilla/5.0 (Macintosh; Intel Mac OS X 10_7_4) AppleWebKit/536.11 (KHTML, like Gecko) Chrome/20.0.1132.57 Safari/536.11"
::1 - - [18/Jul/2012:11:27:40 -0400] "GET /phpMyAdmin/js/messages.php?lang=en&db=infinight&token=bb53f3f94705fbfef39501fd3bcf9be5 HTTP/1.1" 200 16593 "http://localhost:8888/phpMyAdmin/tbl_structure.php?db=infinight&token=bb53f3f94705fbfef39501fd3bcf9be5&table=active_users&pos=0" "Mozilla/5.0 (Macintosh; Intel Mac OS X 10_7_4) AppleWebKit/536.11 (KHTML, like Gecko) Chrome/20.0.1132.57 Safari/536.11"
::1 - - [18/Jul/2012:11:27:40 -0400] "GET /phpMyAdmin/js/get_image.js.php?theme=original HTTP/1.1" 200 5682 "http://localhost:8888/phpMyAdmin/tbl_structure.php?db=infinight&token=bb53f3f94705fbfef39501fd3bcf9be5&table=active_users&pos=0" "Mozilla/5.0 (Macintosh; Intel Mac OS X 10_7_4) AppleWebKit/536.11 (KHTML, like Gecko) Chrome/20.0.1132.57 Safari/536.11"
::1 - - [18/Jul/2012:11:27:41 -0400] "GET /phpMyAdmin/themes/original/img/s_notice.png HTTP/1.1" 304 - "http://localhost:8888/phpMyAdmin/tbl_structure.php?db=infinight&token=bb53f3f94705fbfef39501fd3bcf9be5&table=active_users&pos=0" "Mozilla/5.0 (Macintosh; Intel Mac OS X 10_7_4) AppleWebKit/536.11 (KHTML, like Gecko) Chrome/20.0.1132.57 Safari/536.11"
::1 - - [18/Jul/2012:11:27:41 -0400] "GET /phpMyAdmin/themes/dot.gif HTTP/1.1" 304 - "http://localhost:8888/phpMyAdmin/tbl_structure.php?db=infinight&token=bb53f3f94705fbfef39501fd3bcf9be5&table=active_users&pos=0" "Mozilla/5.0 (Macintosh; Intel Mac OS X 10_7_4) AppleWebKit/536.11 (KHTML, like Gecko) Chrome/20.0.1132.57 Safari/536.11"
::1 - - [18/Jul/2012:11:27:41 -0400] "GET /phpMyAdmin/themes/original/img/arrow_ltr.png HTTP/1.1" 304 - "http://localhost:8888/phpMyAdmin/tbl_structure.php?db=infinight&token=bb53f3f94705fbfef39501fd3bcf9be5&table=active_users&pos=0" "Mozilla/5.0 (Macintosh; Intel Mac OS X 10_7_4) AppleWebKit/536.11 (KHTML, like Gecko) Chrome/20.0.1132.57 Safari/536.11"
::1 - - [18/Jul/2012:11:27:41 -0400] "GET /phpMyAdmin/themes/original/img/error.ico HTTP/1.1" 304 - "http://localhost:8888/phpMyAdmin/tbl_structure.php?db=infinight&token=bb53f3f94705fbfef39501fd3bcf9be5&table=active_users&pos=0" "Mozilla/5.0 (Macintosh; Intel Mac OS X 10_7_4) AppleWebKit/536.11 (KHTML, like Gecko) Chrome/20.0.1132.57 Safari/536.11"
::1 - - [18/Jul/2012:11:27:41 -0400] "GET /phpMyAdmin/themes/original/img/sprites.png HTTP/1.1" 304 - "http://localhost:8888/phpMyAdmin/tbl_structure.php?db=infinight&token=bb53f3f94705fbfef39501fd3bcf9be5&table=active_users&pos=0" "Mozilla/5.0 (Macintosh; Intel Mac OS X 10_7_4) AppleWebKit/536.11 (KHTML, like Gecko) Chrome/20.0.1132.57 Safari/536.11"
::1 - - [18/Jul/2012:11:27:41 -0400] "GET /phpMyAdmin/navigation.php?token=bb53f3f94705fbfef39501fd3bcf9be5&server=1&ajax_request=true&recent_table=true&_nocache=1342625261103787176 HTTP/1.1" 200 155 "http://localhost:8888/phpMyAdmin/navigation.php?token=bb53f3f94705fbfef39501fd3bcf9be5&db=infinight" "Mozilla/5.0 (Macintosh; Intel Mac OS X 10_7_4) AppleWebKit/536.11 (KHTML, like Gecko) Chrome/20.0.1132.57 Safari/536.11"
::1 - - [18/Jul/2012:11:27:41 -0400] "GET /phpMyAdmin/print.css HTTP/1.1" 304 - "http://localhost:8888/phpMyAdmin/tbl_structure.php?db=infinight&token=bb53f3f94705fbfef39501fd3bcf9be5&table=active_users&pos=0" "Mozilla/5.0 (Macintosh; Intel Mac OS X 10_7_4) AppleWebKit/536.11 (KHTML, like Gecko) Chrome/20.0.1132.57 Safari/536.11"
::1 - - [18/Jul/2012:11:27:57 -0400] "OPTIONS * HTTP/1.0" 200 - "-" "Apache/2.2.22 (Unix) mod_ssl/2.2.22 OpenSSL/0.9.8r DAV/2 PHP/5.4.4 (internal dummy connection)"
127.0.0.1 - - [18/Jul/2012:11:30:30 -0400] "POST /api.php HTTP/1.1" 400 - "-" "Rivard.Laurent.InfiNIght/1.0.4 (unknown, iPhone OS 5.1, iPhone Simulator, Scale/1.000000)"
127.0.0.1 - - [18/Jul/2012:11:37:09 -0400] "POST /api.php HTTP/1.1" 200 2014 "-" "Rivard.Laurent.InfiNIght/1.0.4 (unknown, iPhone OS 5.1, iPhone Simulator, Scale/1.000000)"
127.0.0.1 - - [18/Jul/2012:11:42:52 -0400] "POST /api.php HTTP/1.1" 200 2053 "-" "Rivard.Laurent.InfiNIght/1.0.4 (unknown, iPhone OS 5.1, iPhone Simulator, Scale/1.000000)"
127.0.0.1 - - [18/Jul/2012:11:44:26 -0400] "POST /api.php HTTP/1.1" 200 2069 "-" "Rivard.Laurent.InfiNIght/1.0.4 (unknown, iPhone OS 5.1, iPhone Simulator, Scale/1.000000)"
127.0.0.1 - - [18/Jul/2012:11:46:14 -0400] "POST /api.php HTTP/1.1" 200 1937 "-" "Rivard.Laurent.InfiNIght/1.0.4 (unknown, iPhone OS 5.1, iPhone Simulator, Scale/1.000000)"
127.0.0.1 - - [18/Jul/2012:11:49:25 -0400] "POST /api.php HTTP/1.1" 200 411 "-" "Rivard.Laurent.InfiNIght/1.0.4 (unknown, iPhone OS 5.1, iPhone Simulator, Scale/1.000000)"
::1 - - [18/Jul/2012:11:49:28 -0400] "GET /phpMyAdmin/sql.php?db=infinight&table=active_users&token=bb53f3f94705fbfef39501fd3bcf9be5&pos=0 HTTP/1.1" 200 6111 "http://localhost:8888/phpMyAdmin/tbl_structure.php?db=infinight&token=bb53f3f94705fbfef39501fd3bcf9be5&table=active_users&pos=0" "Mozilla/5.0 (Macintosh; Intel Mac OS X 10_7_4) AppleWebKit/536.11 (KHTML, like Gecko) Chrome/20.0.1132.57 Safari/536.11"
::1 - - [18/Jul/2012:11:49:29 -0400] "GET /phpMyAdmin/themes/original/jquery/jquery-ui-1.8.16.custom.css HTTP/1.1" 304 - "http://localhost:8888/phpMyAdmin/sql.php?db=infinight&table=active_users&token=bb53f3f94705fbfef39501fd3bcf9be5&pos=0" "Mozilla/5.0 (Macintosh; Intel Mac OS X 10_7_4) AppleWebKit/536.11 (KHTML, like Gecko) Chrome/20.0.1132.57 Safari/536.11"
::1 - - [18/Jul/2012:11:49:29 -0400] "GET /phpMyAdmin/js/jquery/jquery-1.6.2.js?ts=1341922378 HTTP/1.1" 304 - "http://localhost:8888/phpMyAdmin/sql.php?db=infinight&table=active_users&token=bb53f3f94705fbfef39501fd3bcf9be5&pos=0" "Mozilla/5.0 (Macintosh; Intel Mac OS X 10_7_4) AppleWebKit/536.11 (KHTML, like Gecko) Chrome/20.0.1132.57 Safari/536.11"
::1 - - [18/Jul/2012:11:49:29 -0400] "GET /phpMyAdmin/js/jquery/jquery-ui-1.8.16.custom.js?ts=1341922378 HTTP/1.1" 304 - "http://localhost:8888/phpMyAdmin/sql.php?db=infinight&table=active_users&token=bb53f3f94705fbfef39501fd3bcf9be5&pos=0" "Mozilla/5.0 (Macintosh; Intel Mac OS X 10_7_4) AppleWebKit/536.11 (KHTML, like Gecko) Chrome/20.0.1132.57 Safari/536.11"
::1 - - [18/Jul/2012:11:49:29 -0400] "GET /phpMyAdmin/js/tbl_change.js?ts=1341922378 HTTP/1.1" 304 - "http://localhost:8888/phpMyAdmin/sql.php?db=infinight&table=active_users&token=bb53f3f94705fbfef39501fd3bcf9be5&pos=0" "Mozilla/5.0 (Macintosh; Intel Mac OS X 10_7_4) AppleWebKit/536.11 (KHTML, like Gecko) Chrome/20.0.1132.57 Safari/536.11"
::1 - - [18/Jul/2012:11:49:29 -0400] "GET /phpMyAdmin/js/codemirror/mode/mysql/mysql.js?ts=1341922378 HTTP/1.1" 304 - "http://localhost:8888/phpMyAdmin/sql.php?db=infinight&table=active_users&token=bb53f3f94705fbfef39501fd3bcf9be5&pos=0" "Mozilla/5.0 (Macintosh; Intel Mac OS X 10_7_4) AppleWebKit/536.11 (KHTML, like Gecko) Chrome/20.0.1132.57 Safari/536.11"
::1 - - [18/Jul/2012:11:49:29 -0400] "GET /phpMyAdmin/js/jquery/jquery.qtip-1.0.0-rc3.js?ts=1341922378 HTTP/1.1" 304 - "http://localhost:8888/phpMyAdmin/sql.php?db=infinight&table=active_users&token=bb53f3f94705fbfef39501fd3bcf9be5&pos=0" "Mozilla/5.0 (Macintosh; Intel Mac OS X 10_7_4) AppleWebKit/536.11 (KHTML, like Gecko) Chrome/20.0.1132.57 Safari/536.11"
::1 - - [18/Jul/2012:11:49:29 -0400] "GET /phpMyAdmin/js/config.js?ts=1341922378 HTTP/1.1" 304 - "http://localhost:8888/phpMyAdmin/sql.php?db=infinight&table=active_users&token=bb53f3f94705fbfef39501fd3bcf9be5&pos=0" "Mozilla/5.0 (Macintosh; Intel Mac OS X 10_7_4) AppleWebKit/536.11 (KHTML, like Gecko) Chrome/20.0.1132.57 Safari/536.11"
::1 - - [18/Jul/2012:11:49:29 -0400] "GET /phpMyAdmin/js/tbl_structure.js?ts=1341922378 HTTP/1.1" 304 - "http://localhost:8888/phpMyAdmin/sql.php?db=infinight&table=active_users&token=bb53f3f94705fbfef39501fd3bcf9be5&pos=0" "Mozilla/5.0 (Macintosh; Intel Mac OS X 10_7_4) AppleWebKit/536.11 (KHTML, like Gecko) Chrome/20.0.1132.57 Safari/536.11"
::1 - - [18/Jul/2012:11:49:29 -0400] "GET /phpMyAdmin/js/functions.js?ts=1341922378 HTTP/1.1" 304 - "http://localhost:8888/phpMyAdmin/sql.php?db=infinight&table=active_users&token=bb53f3f94705fbfef39501fd3bcf9be5&pos=0" "Mozilla/5.0 (Macintosh; Intel Mac OS X 10_7_4) AppleWebKit/536.11 (KHTML, like Gecko) Chrome/20.0.1132.57 Safari/536.11"
::1 - - [18/Jul/2012:11:49:28 -0400] "GET /phpMyAdmin/phpmyadmin.css.php?server=1&token=bb53f3f94705fbfef39501fd3bcf9be5&js_frame=right&nocache=5368437968 HTTP/1.1" 200 12660 "http://localhost:8888/phpMyAdmin/sql.php?db=infinight&table=active_users&token=bb53f3f94705fbfef39501fd3bcf9be5&pos=0" "Mozilla/5.0 (Macintosh; Intel Mac OS X 10_7_4) AppleWebKit/536.11 (KHTML, like Gecko) Chrome/20.0.1132.57 Safari/536.11"
::1 - - [18/Jul/2012:11:49:29 -0400] "GET /phpMyAdmin/js/update-location.js?ts=1341922378 HTTP/1.1" 304 - "http://localhost:8888/phpMyAdmin/sql.php?db=infinight&table=active_users&token=bb53f3f94705fbfef39501fd3bcf9be5&pos=0" "Mozilla/5.0 (Macintosh; Intel Mac OS X 10_7_4) AppleWebKit/536.11 (KHTML, like Gecko) Chrome/20.0.1132.57 Safari/536.11"
::1 - - [18/Jul/2012:11:49:29 -0400] "GET /phpMyAdmin/js/gis_data_editor.js?ts=1341922378 HTTP/1.1" 304 - "http://localhost:8888/phpMyAdmin/sql.php?db=infinight&table=active_users&token=bb53f3f94705fbfef39501fd3bcf9be5&pos=0" "Mozilla/5.0 (Macintosh; Intel Mac OS X 10_7_4) AppleWebKit/536.11 (KHTML, like Gecko) Chrome/20.0.1132.57 Safari/536.11"
::1 - - [18/Jul/2012:11:49:29 -0400] "GET /phpMyAdmin/js/get_image.js.php?theme=original HTTP/1.1" 200 5682 "http://localhost:8888/phpMyAdmin/sql.php?db=infinight&table=active_users&token=bb53f3f94705fbfef39501fd3bcf9be5&pos=0" "Mozilla/5.0 (Macintosh; Intel Mac OS X 10_7_4) AppleWebKit/536.11 (KHTML, like Gecko) Chrome/20.0.1132.57 Safari/536.11"
::1 - - [18/Jul/2012:11:49:29 -0400] "GET /phpMyAdmin/js/messages.php?lang=en&db=infinight&token=bb53f3f94705fbfef39501fd3bcf9be5 HTTP/1.1" 200 16593 "http://localhost:8888/phpMyAdmin/sql.php?db=infinight&table=active_users&token=bb53f3f94705fbfef39501fd3bcf9be5&pos=0" "Mozilla/5.0 (Macintosh; Intel Mac OS X 10_7_4) AppleWebKit/536.11 (KHTML, like Gecko) Chrome/20.0.1132.57 Safari/536.11"
::1 - - [18/Jul/2012:11:49:29 -0400] "GET /phpMyAdmin/themes/dot.gif HTTP/1.1" 304 - "http://localhost:8888/phpMyAdmin/sql.php?db=infinight&table=active_users&token=bb53f3f94705fbfef39501fd3bcf9be5&pos=0" "Mozilla/5.0 (Macintosh; Intel Mac OS X 10_7_4) AppleWebKit/536.11 (KHTML, like Gecko) Chrome/20.0.1132.57 Safari/536.11"
::1 - - [18/Jul/2012:11:49:29 -0400] "GET /phpMyAdmin/themes/original/img/sprites.png HTTP/1.1" 304 - "http://localhost:8888/phpMyAdmin/sql.php?db=infinight&table=active_users&token=bb53f3f94705fbfef39501fd3bcf9be5&pos=0" "Mozilla/5.0 (Macintosh; Intel Mac OS X 10_7_4) AppleWebKit/536.11 (KHTML, like Gecko) Chrome/20.0.1132.57 Safari/536.11"
::1 - - [18/Jul/2012:11:49:29 -0400] "GET /phpMyAdmin/themes/original/img/error.ico HTTP/1.1" 304 - "http://localhost:8888/phpMyAdmin/sql.php?db=infinight&table=active_users&token=bb53f3f94705fbfef39501fd3bcf9be5&pos=0" "Mozilla/5.0 (Macintosh; Intel Mac OS X 10_7_4) AppleWebKit/536.11 (KHTML, like Gecko) Chrome/20.0.1132.57 Safari/536.11"
::1 - - [18/Jul/2012:11:49:29 -0400] "GET /phpMyAdmin/themes/original/img/s_success.png HTTP/1.1" 304 - "http://localhost:8888/phpMyAdmin/sql.php?db=infinight&table=active_users&token=bb53f3f94705fbfef39501fd3bcf9be5&pos=0" "Mozilla/5.0 (Macintosh; Intel Mac OS X 10_7_4) AppleWebKit/536.11 (KHTML, like Gecko) Chrome/20.0.1132.57 Safari/536.11"
::1 - - [18/Jul/2012:11:49:29 -0400] "GET /phpMyAdmin/themes/original/img/arrow_ltr.png HTTP/1.1" 304 - "http://localhost:8888/phpMyAdmin/sql.php?db=infinight&table=active_users&token=bb53f3f94705fbfef39501fd3bcf9be5&pos=0" "Mozilla/5.0 (Macintosh; Intel Mac OS X 10_7_4) AppleWebKit/536.11 (KHTML, like Gecko) Chrome/20.0.1132.57 Safari/536.11"
::1 - - [18/Jul/2012:11:49:29 -0400] "GET /phpMyAdmin/themes/original/img/s_notice.png HTTP/1.1" 304 - "http://localhost:8888/phpMyAdmin/sql.php?db=infinight&table=active_users&token=bb53f3f94705fbfef39501fd3bcf9be5&pos=0" "Mozilla/5.0 (Macintosh; Intel Mac OS X 10_7_4) AppleWebKit/536.11 (KHTML, like Gecko) Chrome/20.0.1132.57 Safari/536.11"
::1 - - [18/Jul/2012:11:49:29 -0400] "GET /phpMyAdmin/navigation.php?token=bb53f3f94705fbfef39501fd3bcf9be5&server=1&ajax_request=true&recent_table=true&_nocache=1342626569524274203 HTTP/1.1" 200 155 "http://localhost:8888/phpMyAdmin/navigation.php?token=bb53f3f94705fbfef39501fd3bcf9be5&db=infinight" "Mozilla/5.0 (Macintosh; Intel Mac OS X 10_7_4) AppleWebKit/536.11 (KHTML, like Gecko) Chrome/20.0.1132.57 Safari/536.11"
::1 - - [18/Jul/2012:11:49:29 -0400] "GET /phpMyAdmin/print.css HTTP/1.1" 304 - "http://localhost:8888/phpMyAdmin/sql.php?db=infinight&table=active_users&token=bb53f3f94705fbfef39501fd3bcf9be5&pos=0" "Mozilla/5.0 (Macintosh; Intel Mac OS X 10_7_4) AppleWebKit/536.11 (KHTML, like Gecko) Chrome/20.0.1132.57 Safari/536.11"
::1 - - [18/Jul/2012:11:49:36 -0400] "OPTIONS * HTTP/1.0" 200 - "-" "Apache/2.2.22 (Unix) mod_ssl/2.2.22 OpenSSL/0.9.8r DAV/2 PHP/5.4.4 (internal dummy connection)"
::1 - - [18/Jul/2012:11:49:37 -0400] "OPTIONS * HTTP/1.0" 200 - "-" "Apache/2.2.22 (Unix) mod_ssl/2.2.22 OpenSSL/0.9.8r DAV/2 PHP/5.4.4 (internal dummy connection)"
::1 - - [18/Jul/2012:11:49:38 -0400] "OPTIONS * HTTP/1.0" 200 - "-" "Apache/2.2.22 (Unix) mod_ssl/2.2.22 OpenSSL/0.9.8r DAV/2 PHP/5.4.4 (internal dummy connection)"
127.0.0.1 - - [18/Jul/2012:11:50:17 -0400] "POST /api.php HTTP/1.1" 200 77 "-" "Rivard.Laurent.InfiNIght/1.0.4 (unknown, iPhone OS 5.1, iPhone Simulator, Scale/1.000000)"
::1 - - [18/Jul/2012:11:50:29 -0400] "GET /phpMyAdmin/sql.php?db=infinight&table=active_users&token=bb53f3f94705fbfef39501fd3bcf9be5&pos=0 HTTP/1.1" 200 4970 "http://localhost:8888/phpMyAdmin/sql.php?db=infinight&table=active_users&token=bb53f3f94705fbfef39501fd3bcf9be5&pos=0" "Mozilla/5.0 (Macintosh; Intel Mac OS X 10_7_4) AppleWebKit/536.11 (KHTML, like Gecko) Chrome/20.0.1132.57 Safari/536.11"
::1 - - [18/Jul/2012:11:50:29 -0400] "GET /phpMyAdmin/phpmyadmin.css.php?server=1&token=bb53f3f94705fbfef39501fd3bcf9be5&js_frame=right&nocache=5368437968 HTTP/1.1" 200 12660 "http://localhost:8888/phpMyAdmin/sql.php?db=infinight&table=active_users&token=bb53f3f94705fbfef39501fd3bcf9be5&pos=0" "Mozilla/5.0 (Macintosh; Intel Mac OS X 10_7_4) AppleWebKit/536.11 (KHTML, like Gecko) Chrome/20.0.1132.57 Safari/536.11"
::1 - - [18/Jul/2012:11:50:29 -0400] "GET /phpMyAdmin/themes/original/jquery/jquery-ui-1.8.16.custom.css HTTP/1.1" 304 - "http://localhost:8888/phpMyAdmin/sql.php?db=infinight&table=active_users&token=bb53f3f94705fbfef39501fd3bcf9be5&pos=0" "Mozilla/5.0 (Macintosh; Intel Mac OS X 10_7_4) AppleWebKit/536.11 (KHTML, like Gecko) Chrome/20.0.1132.57 Safari/536.11"
::1 - - [18/Jul/2012:11:50:29 -0400] "GET /phpMyAdmin/js/jquery/jquery-1.6.2.js?ts=1341922378 HTTP/1.1" 304 - "http://localhost:8888/phpMyAdmin/sql.php?db=infinight&table=active_users&token=bb53f3f94705fbfef39501fd3bcf9be5&pos=0" "Mozilla/5.0 (Macintosh; Intel Mac OS X 10_7_4) AppleWebKit/536.11 (KHTML, like Gecko) Chrome/20.0.1132.57 Safari/536.11"
::1 - - [18/Jul/2012:11:50:29 -0400] "GET /phpMyAdmin/js/update-location.js?ts=1341922378 HTTP/1.1" 304 - "http://localhost:8888/phpMyAdmin/sql.php?db=infinight&table=active_users&token=bb53f3f94705fbfef39501fd3bcf9be5&pos=0" "Mozilla/5.0 (Macintosh; Intel Mac OS X 10_7_4) AppleWebKit/536.11 (KHTML, like Gecko) Chrome/20.0.1132.57 Safari/536.11"
::1 - - [18/Jul/2012:11:50:29 -0400] "GET /phpMyAdmin/js/jquery/timepicker.js?ts=1341922378 HTTP/1.1" 304 - "http://localhost:8888/phpMyAdmin/sql.php?db=infinight&table=active_users&token=bb53f3f94705fbfef39501fd3bcf9be5&pos=0" "Mozilla/5.0 (Macintosh; Intel Mac OS X 10_7_4) AppleWebKit/536.11 (KHTML, like Gecko) Chrome/20.0.1132.57 Safari/536.11"
::1 - - [18/Jul/2012:11:50:29 -0400] "GET /phpMyAdmin/js/jquery/jquery-ui-1.8.16.custom.js?ts=1341922378 HTTP/1.1" 304 - "http://localhost:8888/phpMyAdmin/sql.php?db=infinight&table=active_users&token=bb53f3f94705fbfef39501fd3bcf9be5&pos=0" "Mozilla/5.0 (Macintosh; Intel Mac OS X 10_7_4) AppleWebKit/536.11 (KHTML, like Gecko) Chrome/20.0.1132.57 Safari/536.11"
::1 - - [18/Jul/2012:11:50:29 -0400] "GET /phpMyAdmin/js/tbl_change.js?ts=1341922378 HTTP/1.1" 304 - "http://localhost:8888/phpMyAdmin/sql.php?db=infinight&table=active_users&token=bb53f3f94705fbfef39501fd3bcf9be5&pos=0" "Mozilla/5.0 (Macintosh; Intel Mac OS X 10_7_4) AppleWebKit/536.11 (KHTML, like Gecko) Chrome/20.0.1132.57 Safari/536.11"
::1 - - [18/Jul/2012:11:50:29 -0400] "GET /phpMyAdmin/js/tbl_structure.js?ts=1341922378 HTTP/1.1" 304 - "http://localhost:8888/phpMyAdmin/sql.php?db=infinight&table=active_users&token=bb53f3f94705fbfef39501fd3bcf9be5&pos=0" "Mozilla/5.0 (Macintosh; Intel Mac OS X 10_7_4) AppleWebKit/536.11 (KHTML, like Gecko) Chrome/20.0.1132.57 Safari/536.11"
::1 - - [18/Jul/2012:11:50:29 -0400] "GET /phpMyAdmin/js/gis_data_editor.js?ts=1341922378 HTTP/1.1" 304 - "http://localhost:8888/phpMyAdmin/sql.php?db=infinight&table=active_users&token=bb53f3f94705fbfef39501fd3bcf9be5&pos=0" "Mozilla/5.0 (Macintosh; Intel Mac OS X 10_7_4) AppleWebKit/536.11 (KHTML, like Gecko) Chrome/20.0.1132.57 Safari/536.11"
::1 - - [18/Jul/2012:11:50:29 -0400] "GET /phpMyAdmin/js/codemirror/mode/mysql/mysql.js?ts=1341922378 HTTP/1.1" 304 - "http://localhost:8888/phpMyAdmin/sql.php?db=infinight&table=active_users&token=bb53f3f94705fbfef39501fd3bcf9be5&pos=0" "Mozilla/5.0 (Macintosh; Intel Mac OS X 10_7_4) AppleWebKit/536.11 (KHTML, like Gecko) Chrome/20.0.1132.57 Safari/536.11"
::1 - - [18/Jul/2012:11:50:29 -0400] "GET /phpMyAdmin/js/jquery/jquery.qtip-1.0.0-rc3.js?ts=1341922378 HTTP/1.1" 304 - "http://localhost:8888/phpMyAdmin/sql.php?db=infinight&table=active_users&token=bb53f3f94705fbfef39501fd3bcf9be5&pos=0" "Mozilla/5.0 (Macintosh; Intel Mac OS X 10_7_4) AppleWebKit/536.11 (KHTML, like Gecko) Chrome/20.0.1132.57 Safari/536.11"
::1 - - [18/Jul/2012:11:50:29 -0400] "GET /phpMyAdmin/js/functions.js?ts=1341922378 HTTP/1.1" 304 - "http://localhost:8888/phpMyAdmin/sql.php?db=infinight&table=active_users&token=bb53f3f94705fbfef39501fd3bcf9be5&pos=0" "Mozilla/5.0 (Macintosh; Intel Mac OS X 10_7_4) AppleWebKit/536.11 (KHTML, like Gecko) Chrome/20.0.1132.57 Safari/536.11"
::1 - - [18/Jul/2012:11:50:29 -0400] "GET /phpMyAdmin/js/config.js?ts=1341922378 HTTP/1.1" 304 - "http://localhost:8888/phpMyAdmin/sql.php?db=infinight&table=active_users&token=bb53f3f94705fbfef39501fd3bcf9be5&pos=0" "Mozilla/5.0 (Macintosh; Intel Mac OS X 10_7_4) AppleWebKit/536.11 (KHTML, like Gecko) Chrome/20.0.1132.57 Safari/536.11"
::1 - - [18/Jul/2012:11:50:29 -0400] "GET /phpMyAdmin/js/makegrid.js?ts=1341922378 HTTP/1.1" 200 23358 "http://localhost:8888/phpMyAdmin/sql.php?db=infinight&table=active_users&token=bb53f3f94705fbfef39501fd3bcf9be5&pos=0" "Mozilla/5.0 (Macintosh; Intel Mac OS X 10_7_4) AppleWebKit/536.11 (KHTML, like Gecko) Chrome/20.0.1132.57 Safari/536.11"
::1 - - [18/Jul/2012:11:50:29 -0400] "GET /phpMyAdmin/js/sql.js?ts=1341922378 HTTP/1.1" 200 9111 "http://localhost:8888/phpMyAdmin/sql.php?db=infinight&table=active_users&token=bb53f3f94705fbfef39501fd3bcf9be5&pos=0" "Mozilla/5.0 (Macintosh; Intel Mac OS X 10_7_4) AppleWebKit/536.11 (KHTML, like Gecko) Chrome/20.0.1132.57 Safari/536.11"
::1 - - [18/Jul/2012:11:50:29 -0400] "GET /phpMyAdmin/js/codemirror/lib/codemirror.js?ts=1341922378 HTTP/1.1" 304 - "http://localhost:8888/phpMyAdmin/sql.php?db=infinight&table=active_users&token=bb53f3f94705fbfef39501fd3bcf9be5&pos=0" "Mozilla/5.0 (Macintosh; Intel Mac OS X 10_7_4) AppleWebKit/536.11 (KHTML, like Gecko) Chrome/20.0.1132.57 Safari/536.11"
::1 - - [18/Jul/2012:11:50:29 -0400] "GET /phpMyAdmin/js/messages.php?lang=en&db=infinight&token=bb53f3f94705fbfef39501fd3bcf9be5 HTTP/1.1" 200 16593 "http://localhost:8888/phpMyAdmin/sql.php?db=infinight&table=active_users&token=bb53f3f94705fbfef39501fd3bcf9be5&pos=0" "Mozilla/5.0 (Macintosh; Intel Mac OS X 10_7_4) AppleWebKit/536.11 (KHTML, like Gecko) Chrome/20.0.1132.57 Safari/536.11"
::1 - - [18/Jul/2012:11:50:29 -0400] "GET /phpMyAdmin/js/get_image.js.php?theme=original HTTP/1.1" 200 5682 "http://localhost:8888/phpMyAdmin/sql.php?db=infinight&table=active_users&token=bb53f3f94705fbfef39501fd3bcf9be5&pos=0" "Mozilla/5.0 (Macintosh; Intel Mac OS X 10_7_4) AppleWebKit/536.11 (KHTML, like Gecko) Chrome/20.0.1132.57 Safari/536.11"
::1 - - [18/Jul/2012:11:50:30 -0400] "GET /phpMyAdmin/themes/original/img/s_notice.png HTTP/1.1" 304 - "http://localhost:8888/phpMyAdmin/sql.php?db=infinight&table=active_users&token=bb53f3f94705fbfef39501fd3bcf9be5&pos=0" "Mozilla/5.0 (Macintosh; Intel Mac OS X 10_7_4) AppleWebKit/536.11 (KHTML, like Gecko) Chrome/20.0.1132.57 Safari/536.11"
::1 - - [18/Jul/2012:11:50:30 -0400] "GET /phpMyAdmin/themes/original/img/s_success.png HTTP/1.1" 304 - "http://localhost:8888/phpMyAdmin/sql.php?db=infinight&table=active_users&token=bb53f3f94705fbfef39501fd3bcf9be5&pos=0" "Mozilla/5.0 (Macintosh; Intel Mac OS X 10_7_4) AppleWebKit/536.11 (KHTML, like Gecko) Chrome/20.0.1132.57 Safari/536.11"
::1 - - [18/Jul/2012:11:50:30 -0400] "GET /phpMyAdmin/themes/original/img/sprites.png HTTP/1.1" 304 - "http://localhost:8888/phpMyAdmin/sql.php?db=infinight&table=active_users&token=bb53f3f94705fbfef39501fd3bcf9be5&pos=0" "Mozilla/5.0 (Macintosh; Intel Mac OS X 10_7_4) AppleWebKit/536.11 (KHTML, like Gecko) Chrome/20.0.1132.57 Safari/536.11"
::1 - - [18/Jul/2012:11:50:30 -0400] "GET /phpMyAdmin/themes/dot.gif HTTP/1.1" 304 - "http://localhost:8888/phpMyAdmin/sql.php?db=infinight&table=active_users&token=bb53f3f94705fbfef39501fd3bcf9be5&pos=0" "Mozilla/5.0 (Macintosh; Intel Mac OS X 10_7_4) AppleWebKit/536.11 (KHTML, like Gecko) Chrome/20.0.1132.57 Safari/536.11"
::1 - - [18/Jul/2012:11:50:30 -0400] "GET /phpMyAdmin/themes/original/img/arrow_ltr.png HTTP/1.1" 304 - "http://localhost:8888/phpMyAdmin/sql.php?db=infinight&table=active_users&token=bb53f3f94705fbfef39501fd3bcf9be5&pos=0" "Mozilla/5.0 (Macintosh; Intel Mac OS X 10_7_4) AppleWebKit/536.11 (KHTML, like Gecko) Chrome/20.0.1132.57 Safari/536.11"
::1 - - [18/Jul/2012:11:50:30 -0400] "GET /phpMyAdmin/navigation.php?token=bb53f3f94705fbfef39501fd3bcf9be5&server=1&ajax_request=true&recent_table=true&_nocache=1342626630560179416 HTTP/1.1" 200 155 "http://localhost:8888/phpMyAdmin/navigation.php?token=bb53f3f94705fbfef39501fd3bcf9be5&db=infinight" "Mozilla/5.0 (Macintosh; Intel Mac OS X 10_7_4) AppleWebKit/536.11 (KHTML, like Gecko) Chrome/20.0.1132.57 Safari/536.11"
::1 - - [18/Jul/2012:11:50:30 -0400] "GET /phpMyAdmin/themes/original/img/col_drop.png HTTP/1.1" 200 132 "http://localhost:8888/phpMyAdmin/sql.php?db=infinight&table=active_users&token=bb53f3f94705fbfef39501fd3bcf9be5&pos=0" "Mozilla/5.0 (Macintosh; Intel Mac OS X 10_7_4) AppleWebKit/536.11 (KHTML, like Gecko) Chrome/20.0.1132.57 Safari/536.11"
::1 - - [18/Jul/2012:11:50:30 -0400] "GET /phpMyAdmin/themes/original/img/col_pointer.png HTTP/1.1" 200 101 "http://localhost:8888/phpMyAdmin/sql.php?db=infinight&table=active_users&token=bb53f3f94705fbfef39501fd3bcf9be5&pos=0" "Mozilla/5.0 (Macintosh; Intel Mac OS X 10_7_4) AppleWebKit/536.11 (KHTML, like Gecko) Chrome/20.0.1132.57 Safari/536.11"
::1 - - [18/Jul/2012:11:50:30 -0400] "GET /phpMyAdmin/themes/original/img/s_fulltext.png HTTP/1.1" 200 193 "http://localhost:8888/phpMyAdmin/sql.php?db=infinight&table=active_users&token=bb53f3f94705fbfef39501fd3bcf9be5&pos=0" "Mozilla/5.0 (Macintosh; Intel Mac OS X 10_7_4) AppleWebKit/536.11 (KHTML, like Gecko) Chrome/20.0.1132.57 Safari/536.11"
::1 - - [18/Jul/2012:11:50:31 -0400] "GET /phpMyAdmin/print.css HTTP/1.1" 304 - "http://localhost:8888/phpMyAdmin/sql.php?db=infinight&table=active_users&token=bb53f3f94705fbfef39501fd3bcf9be5&pos=0" "Mozilla/5.0 (Macintosh; Intel Mac OS X 10_7_4) AppleWebKit/536.11 (KHTML, like Gecko) Chrome/20.0.1132.57 Safari/536.11"
::1 - - [18/Jul/2012:11:50:38 -0400] "OPTIONS * HTTP/1.0" 200 - "-" "Apache/2.2.22 (Unix) mod_ssl/2.2.22 OpenSSL/0.9.8r DAV/2 PHP/5.4.4 (internal dummy connection)"
127.0.0.1 - - [18/Jul/2012:11:56:24 -0400] "POST /api.php HTTP/1.1" 200 2295 "-" "Rivard.Laurent.InfiNIght/1.0.4 (unknown, iPhone OS 5.1, iPhone Simulator, Scale/1.000000)"
127.0.0.1 - - [18/Jul/2012:11:58:14 -0400] "POST /api.php HTTP/1.1" 200 89 "-" "Rivard.Laurent.InfiNIght/1.0.4 (unknown, iPhone OS 5.1, iPhone Simulator, Scale/1.000000)"
::1 - - [18/Jul/2012:11:58:29 -0400] "GET /phpMyAdmin/sql.php?db=infinight&table=active_users&token=bb53f3f94705fbfef39501fd3bcf9be5&pos=0 HTTP/1.1" 200 5265 "http://localhost:8888/phpMyAdmin/sql.php?db=infinight&table=active_users&token=bb53f3f94705fbfef39501fd3bcf9be5&pos=0" "Mozilla/5.0 (Macintosh; Intel Mac OS X 10_7_4) AppleWebKit/536.11 (KHTML, like Gecko) Chrome/20.0.1132.57 Safari/536.11"
::1 - - [18/Jul/2012:11:58:30 -0400] "GET /phpMyAdmin/themes/original/jquery/jquery-ui-1.8.16.custom.css HTTP/1.1" 304 - "http://localhost:8888/phpMyAdmin/sql.php?db=infinight&table=active_users&token=bb53f3f94705fbfef39501fd3bcf9be5&pos=0" "Mozilla/5.0 (Macintosh; Intel Mac OS X 10_7_4) AppleWebKit/536.11 (KHTML, like Gecko) Chrome/20.0.1132.57 Safari/536.11"
::1 - - [18/Jul/2012:11:58:30 -0400] "GET /phpMyAdmin/phpmyadmin.css.php?server=1&token=bb53f3f94705fbfef39501fd3bcf9be5&js_frame=right&nocache=5368437968 HTTP/1.1" 200 12660 "http://localhost:8888/phpMyAdmin/sql.php?db=infinight&table=active_users&token=bb53f3f94705fbfef39501fd3bcf9be5&pos=0" "Mozilla/5.0 (Macintosh; Intel Mac OS X 10_7_4) AppleWebKit/536.11 (KHTML, like Gecko) Chrome/20.0.1132.57 Safari/536.11"
::1 - - [18/Jul/2012:11:58:30 -0400] "GET /phpMyAdmin/themes/original/img/s_notice.png HTTP/1.1" 304 - "http://localhost:8888/phpMyAdmin/sql.php?db=infinight&table=active_users&token=bb53f3f94705fbfef39501fd3bcf9be5&pos=0" "Mozilla/5.0 (Macintosh; Intel Mac OS X 10_7_4) AppleWebKit/536.11 (KHTML, like Gecko) Chrome/20.0.1132.57 Safari/536.11"
::1 - - [18/Jul/2012:11:58:30 -0400] "GET /phpMyAdmin/themes/original/img/s_success.png HTTP/1.1" 304 - "http://localhost:8888/phpMyAdmin/sql.php?db=infinight&table=active_users&token=bb53f3f94705fbfef39501fd3bcf9be5&pos=0" "Mozilla/5.0 (Macintosh; Intel Mac OS X 10_7_4) AppleWebKit/536.11 (KHTML, like Gecko) Chrome/20.0.1132.57 Safari/536.11"
::1 - - [18/Jul/2012:11:58:30 -0400] "GET /phpMyAdmin/themes/dot.gif HTTP/1.1" 304 - "http://localhost:8888/phpMyAdmin/sql.php?db=infinight&table=active_users&token=bb53f3f94705fbfef39501fd3bcf9be5&pos=0" "Mozilla/5.0 (Macintosh; Intel Mac OS X 10_7_4) AppleWebKit/536.11 (KHTML, like Gecko) Chrome/20.0.1132.57 Safari/536.11"
::1 - - [18/Jul/2012:11:58:30 -0400] "GET /phpMyAdmin/themes/original/img/arrow_ltr.png HTTP/1.1" 304 - "http://localhost:8888/phpMyAdmin/sql.php?db=infinight&table=active_users&token=bb53f3f94705fbfef39501fd3bcf9be5&pos=0" "Mozilla/5.0 (Macintosh; Intel Mac OS X 10_7_4) AppleWebKit/536.11 (KHTML, like Gecko) Chrome/20.0.1132.57 Safari/536.11"
::1 - - [18/Jul/2012:11:58:30 -0400] "GET /phpMyAdmin/themes/original/img/col_pointer.png HTTP/1.1" 304 - "http://localhost:8888/phpMyAdmin/sql.php?db=infinight&table=active_users&token=bb53f3f94705fbfef39501fd3bcf9be5&pos=0" "Mozilla/5.0 (Macintosh; Intel Mac OS X 10_7_4) AppleWebKit/536.11 (KHTML, like Gecko) Chrome/20.0.1132.57 Safari/536.11"
::1 - - [18/Jul/2012:11:58:30 -0400] "GET /phpMyAdmin/themes/original/img/s_fulltext.png HTTP/1.1" 304 - "http://localhost:8888/phpMyAdmin/sql.php?db=infinight&table=active_users&token=bb53f3f94705fbfef39501fd3bcf9be5&pos=0" "Mozilla/5.0 (Macintosh; Intel Mac OS X 10_7_4) AppleWebKit/536.11 (KHTML, like Gecko) Chrome/20.0.1132.57 Safari/536.11"
::1 - - [18/Jul/2012:11:58:31 -0400] "GET /phpMyAdmin/themes/original/img/sprites.png HTTP/1.1" 304 - "http://localhost:8888/phpMyAdmin/sql.php?db=infinight&table=active_users&token=bb53f3f94705fbfef39501fd3bcf9be5&pos=0" "Mozilla/5.0 (Macintosh; Intel Mac OS X 10_7_4) AppleWebKit/536.11 (KHTML, like Gecko) Chrome/20.0.1132.57 Safari/536.11"
::1 - - [18/Jul/2012:11:58:30 -0400] "GET /phpMyAdmin/themes/original/img/col_drop.png HTTP/1.1" 304 - "http://localhost:8888/phpMyAdmin/sql.php?db=infinight&table=active_users&token=bb53f3f94705fbfef39501fd3bcf9be5&pos=0" "Mozilla/5.0 (Macintosh; Intel Mac OS X 10_7_4) AppleWebKit/536.11 (KHTML, like Gecko) Chrome/20.0.1132.57 Safari/536.11"
::1 - - [18/Jul/2012:11:58:30 -0400] "GET /phpMyAdmin/navigation.php?token=bb53f3f94705fbfef39501fd3bcf9be5&server=1&ajax_request=true&recent_table=true&_nocache=1342627110954999398 HTTP/1.1" 200 155 "http://localhost:8888/phpMyAdmin/navigation.php?token=bb53f3f94705fbfef39501fd3bcf9be5&db=infinight" "Mozilla/5.0 (Macintosh; Intel Mac OS X 10_7_4) AppleWebKit/536.11 (KHTML, like Gecko) Chrome/20.0.1132.57 Safari/536.11"
::1 - - [18/Jul/2012:11:58:31 -0400] "GET /phpMyAdmin/print.css HTTP/1.1" 304 - "http://localhost:8888/phpMyAdmin/sql.php?db=infinight&table=active_users&token=bb53f3f94705fbfef39501fd3bcf9be5&pos=0" "Mozilla/5.0 (Macintosh; Intel Mac OS X 10_7_4) AppleWebKit/536.11 (KHTML, like Gecko) Chrome/20.0.1132.57 Safari/536.11"
::1 - - [18/Jul/2012:11:58:38 -0400] "OPTIONS * HTTP/1.0" 200 - "-" "Apache/2.2.22 (Unix) mod_ssl/2.2.22 OpenSSL/0.9.8r DAV/2 PHP/5.4.4 (internal dummy connection)"
::1 - - [18/Jul/2012:11:58:39 -0400] "GET /phpMyAdmin/tbl_structure.php?db=infinight&token=bb53f3f94705fbfef39501fd3bcf9be5&table=active_users&pos=0 HTTP/1.1" 200 5469 "http://localhost:8888/phpMyAdmin/navigation.php?token=bb53f3f94705fbfef39501fd3bcf9be5&db=infinight" "Mozilla/5.0 (Macintosh; Intel Mac OS X 10_7_4) AppleWebKit/536.11 (KHTML, like Gecko) Chrome/20.0.1132.57 Safari/536.11"
::1 - - [18/Jul/2012:11:58:40 -0400] "GET /phpMyAdmin/themes/original/jquery/jquery-ui-1.8.16.custom.css HTTP/1.1" 304 - "http://localhost:8888/phpMyAdmin/tbl_structure.php?db=infinight&token=bb53f3f94705fbfef39501fd3bcf9be5&table=active_users&pos=0" "Mozilla/5.0 (Macintosh; Intel Mac OS X 10_7_4) AppleWebKit/536.11 (KHTML, like Gecko) Chrome/20.0.1132.57 Safari/536.11"
::1 - - [18/Jul/2012:11:58:40 -0400] "GET /phpMyAdmin/js/tbl_structure.js?ts=1341922378 HTTP/1.1" 304 - "http://localhost:8888/phpMyAdmin/tbl_structure.php?db=infinight&token=bb53f3f94705fbfef39501fd3bcf9be5&table=active_users&pos=0" "Mozilla/5.0 (Macintosh; Intel Mac OS X 10_7_4) AppleWebKit/536.11 (KHTML, like Gecko) Chrome/20.0.1132.57 Safari/536.11"
::1 - - [18/Jul/2012:11:58:40 -0400] "GET /phpMyAdmin/js/jquery/jquery-1.6.2.js?ts=1341922378 HTTP/1.1" 304 - "http://localhost:8888/phpMyAdmin/tbl_structure.php?db=infinight&token=bb53f3f94705fbfef39501fd3bcf9be5&table=active_users&pos=0" "Mozilla/5.0 (Macintosh; Intel Mac OS X 10_7_4) AppleWebKit/536.11 (KHTML, like Gecko) Chrome/20.0.1132.57 Safari/536.11"
::1 - - [18/Jul/2012:11:58:40 -0400] "GET /phpMyAdmin/js/jquery/jquery-ui-1.8.16.custom.js?ts=1341922378 HTTP/1.1" 304 - "http://localhost:8888/phpMyAdmin/tbl_structure.php?db=infinight&token=bb53f3f94705fbfef39501fd3bcf9be5&table=active_users&pos=0" "Mozilla/5.0 (Macintosh; Intel Mac OS X 10_7_4) AppleWebKit/536.11 (KHTML, like Gecko) Chrome/20.0.1132.57 Safari/536.11"
::1 - - [18/Jul/2012:11:58:40 -0400] "GET /phpMyAdmin/js/config.js?ts=1341922378 HTTP/1.1" 304 - "http://localhost:8888/phpMyAdmin/tbl_structure.php?db=infinight&token=bb53f3f94705fbfef39501fd3bcf9be5&table=active_users&pos=0" "Mozilla/5.0 (Macintosh; Intel Mac OS X 10_7_4) AppleWebKit/536.11 (KHTML, like Gecko) Chrome/20.0.1132.57 Safari/536.11"
::1 - - [18/Jul/2012:11:58:40 -0400] "GET /phpMyAdmin/js/update-location.js?ts=1341922378 HTTP/1.1" 304 - "http://localhost:8888/phpMyAdmin/tbl_structure.php?db=infinight&token=bb53f3f94705fbfef39501fd3bcf9be5&table=active_users&pos=0" "Mozilla/5.0 (Macintosh; Intel Mac OS X 10_7_4) AppleWebKit/536.11 (KHTML, like Gecko) Chrome/20.0.1132.57 Safari/536.11"
::1 - - [18/Jul/2012:11:58:40 -0400] "GET /phpMyAdmin/js/jquery/jquery.qtip-1.0.0-rc3.js?ts=1341922378 HTTP/1.1" 304 - "http://localhost:8888/phpMyAdmin/tbl_structure.php?db=infinight&token=bb53f3f94705fbfef39501fd3bcf9be5&table=active_users&pos=0" "Mozilla/5.0 (Macintosh; Intel Mac OS X 10_7_4) AppleWebKit/536.11 (KHTML, like Gecko) Chrome/20.0.1132.57 Safari/536.11"
::1 - - [18/Jul/2012:11:58:40 -0400] "GET /phpMyAdmin/js/functions.js?ts=1341922378 HTTP/1.1" 304 - "http://localhost:8888/phpMyAdmin/tbl_structure.php?db=infinight&token=bb53f3f94705fbfef39501fd3bcf9be5&table=active_users&pos=0" "Mozilla/5.0 (Macintosh; Intel Mac OS X 10_7_4) AppleWebKit/536.11 (KHTML, like Gecko) Chrome/20.0.1132.57 Safari/536.11"
::1 - - [18/Jul/2012:11:58:40 -0400] "GET /phpMyAdmin/phpmyadmin.css.php?server=1&token=bb53f3f94705fbfef39501fd3bcf9be5&js_frame=right&nocache=5368437968 HTTP/1.1" 200 12660 "http://localhost:8888/phpMyAdmin/tbl_structure.php?db=infinight&token=bb53f3f94705fbfef39501fd3bcf9be5&table=active_users&pos=0" "Mozilla/5.0 (Macintosh; Intel Mac OS X 10_7_4) AppleWebKit/536.11 (KHTML, like Gecko) Chrome/20.0.1132.57 Safari/536.11"
::1 - - [18/Jul/2012:11:58:40 -0400] "GET /phpMyAdmin/js/messages.php?lang=en&db=infinight&token=bb53f3f94705fbfef39501fd3bcf9be5 HTTP/1.1" 200 4893 "http://localhost:8888/phpMyAdmin/tbl_structure.php?db=infinight&token=bb53f3f94705fbfef39501fd3bcf9be5&table=active_users&pos=0" "Mozilla/5.0 (Macintosh; Intel Mac OS X 10_7_4) AppleWebKit/536.11 (KHTML, like Gecko) Chrome/20.0.1132.57 Safari/536.11"
::1 - - [18/Jul/2012:11:58:40 -0400] "GET /phpMyAdmin/js/get_image.js.php?theme=original HTTP/1.1" 200 5682 "http://localhost:8888/phpMyAdmin/tbl_structure.php?db=infinight&token=bb53f3f94705fbfef39501fd3bcf9be5&table=active_users&pos=0" "Mozilla/5.0 (Macintosh; Intel Mac OS X 10_7_4) AppleWebKit/536.11 (KHTML, like Gecko) Chrome/20.0.1132.57 Safari/536.11"
::1 - - [18/Jul/2012:11:58:40 -0400] "GET /phpMyAdmin/themes/dot.gif HTTP/1.1" 304 - "http://localhost:8888/phpMyAdmin/tbl_structure.php?db=infinight&token=bb53f3f94705fbfef39501fd3bcf9be5&table=active_users&pos=0" "Mozilla/5.0 (Macintosh; Intel Mac OS X 10_7_4) AppleWebKit/536.11 (KHTML, like Gecko) Chrome/20.0.1132.57 Safari/536.11"
::1 - - [18/Jul/2012:11:58:40 -0400] "GET /phpMyAdmin/themes/original/img/sprites.png HTTP/1.1" 304 - "http://localhost:8888/phpMyAdmin/tbl_structure.php?db=infinight&token=bb53f3f94705fbfef39501fd3bcf9be5&table=active_users&pos=0" "Mozilla/5.0 (Macintosh; Intel Mac OS X 10_7_4) AppleWebKit/536.11 (KHTML, like Gecko) Chrome/20.0.1132.57 Safari/536.11"
::1 - - [18/Jul/2012:11:58:40 -0400] "GET /phpMyAdmin/themes/original/img/s_notice.png HTTP/1.1" 304 - "http://localhost:8888/phpMyAdmin/tbl_structure.php?db=infinight&token=bb53f3f94705fbfef39501fd3bcf9be5&table=active_users&pos=0" "Mozilla/5.0 (Macintosh; Intel Mac OS X 10_7_4) AppleWebKit/536.11 (KHTML, like Gecko) Chrome/20.0.1132.57 Safari/536.11"
::1 - - [18/Jul/2012:11:58:41 -0400] "GET /phpMyAdmin/themes/original/img/arrow_ltr.png HTTP/1.1" 304 - "http://localhost:8888/phpMyAdmin/tbl_structure.php?db=infinight&token=bb53f3f94705fbfef39501fd3bcf9be5&table=active_users&pos=0" "Mozilla/5.0 (Macintosh; Intel Mac OS X 10_7_4) AppleWebKit/536.11 (KHTML, like Gecko) Chrome/20.0.1132.57 Safari/536.11"
